5. Создать разовое задание на перезагрузку операционной системы,
используя at.

eurich75@eurich75-VirtualBox:~$ sudo apt install at
Чтение списков пакетов… Готово
Построение дерева зависимостей
Чтение информации о состоянии… Готово
Следующий пакет устанавливался автоматически и больше не требуется:
  libfprint-2-tod1
Для его удаления используйте «sudo apt autoremove».
Будут установлены следующие дополнительные пакеты:
  libfl2
Предлагаемые пакеты:
  default-mta | mail-transport-agent
Следующие НОВЫЕ пакеты будут установлены:
  at libfl2
Обновлено 0 пакетов, установлено 2 новых пакетов, для удаления отмечено 0 пакетов, и 31 пакетов не обновлено.
Необходимо скачать 50,1 kB архивов.
После данной операции объём занятого дискового пространства возрастёт на 241 kB.
Хотите продолжить? [Д/н] д
Пол:1 http://ru.archive.ubuntu.com/ubuntu focal/main amd64 libfl2 amd64 2.6.4-6.2 [11,5 kB]
Пол:2 http://ru.archive.ubuntu.com/ubuntu focal/main amd64 at amd64 3.1.23-1ubuntu1 [38,7 kB]
Получено 50,1 kB за 1с (46,4 kB/s)
Выбор ранее не выбранного пакета libfl2:amd64.
(Чтение базы данных … на данный момент установлено 193844 файла и каталога.)
Подготовка к распаковке …/libfl2_2.6.4-6.2_amd64.deb …
Распаковывается libfl2:amd64 (2.6.4-6.2) …
Выбор ранее не выбранного пакета at.
Подготовка к распаковке …/at_3.1.23-1ubuntu1_amd64.deb …
Распаковывается at (3.1.23-1ubuntu1) …
Настраивается пакет libfl2:amd64 (2.6.4-6.2) …
Настраивается пакет at (3.1.23-1ubuntu1) …
Created symlink /etc/systemd/system/multi-user.target.wants/atd.service → /lib/systemd/system/atd.service.
Обрабатываются триггеры для systemd (245.4-4ubuntu3.3) …
Обрабатываются триггеры для man-db (2.9.1-1) …
Обрабатываются триггеры для libc-bin (2.31-0ubuntu9.1) …
eurich75@eurich75-VirtualBox:~$ echo sudo reboot | at 3:33pm 6/12/2020
at: refusing to create job destined in the past
eurich75@eurich75-VirtualBox:~$ cat >  reboot.sh
#!/bin/bash
sudo reboot
eurich75@eurich75-VirtualBox:~$ chmod +x reboot.sh
eurich75@eurich75-VirtualBox:~$ ls
 2010   2015       doc2.txt     full.log      'nano file1.txt'   task2            year.sh       Музыка
 2011   2016       errors.log   input.txt      output.txt        testfile.txt     Видео         Общедоступные
 2012   2017       eu_rca.pub   lesson3        project           text2.txt        Документы    'Рабочий стол'
 2013   cat.log    file2_new    lesson3_copy   reboot.sh         text.txt         Загрузки      Шаблоны
 2014   doc1.txt   file3_new    ls.txt         task1.sh         'vim file1.txt'   Изображения
eurich75@eurich75-VirtualBox:~$ sudo at -f ./reboot.sh 12:00 tomorrow
warning: commands will be executed using /bin/sh
job 1 at Sun Dec  6 12:00:00 2020
eurich75@eurich75-VirtualBox:~$ echo sudo reboot | at 3:33pm 7/12/2020
at: refusing to create job destined in the past
